{"a2a_state":"TASK_STATE_INPUT_REQUIRED","agent":"custom","allowed_mcp_servers":[],"auto_capability_bundle":true,"dispatch_id":"<DISPATCH_ID>","eval_ledger_id":null,"flow_id":"flow_20260822T000000Z_prompt_golden","force":true,"issue_ref":null,"mcp_access":{"allowed_facades":["tachi_memory","tachi_event","tachi_task"],"allowed_mcp_servers":[],"fallback":"Use leader-provided issue packet; do not perform GitHub writes.","github_read":false,"inject_hub_mcps":false,"inject_tachi_mcp":false,"issue_refs":[],"pr_refs":[],"write_actions":true},"plan_file":"<RUN>/plan.md","pr_ref":null,"profile":"glm_impl","provenance":{"captured_at":"<TIMESTAMP>","context":{"category":"fact","path":"/kanban/tasks/<DISPATCH_ID>","topic":"kanban"},"db_path":"<DB>","db_scope":"global","requested_scope":"global","source_kind":"memory_write","tool_name":"save_memory"},"tool_profile":"delegate","type":"a2a_task","updated_at":"<TIMESTAMP>"}